[2026-07-24 22:57:46] [INFO] Connected to Binance Websocket.
[2026-07-24 22:57:46] [INFO] Subscribed to BTCUSDT trades
[2026-07-24 22:57:46] [INFO] Subcribed to Binance Websocket.
[2026-07-24 23:10:24] [INFO] Connected to Binance Websocket.
[2026-07-24 23:10:24] [INFO] Subscribed to BTCUSDT trades
[2026-07-24 23:10:24] [INFO] Subcribed to Binance Websocket.
[2026-07-24 23:13:39] [INFO] Connected to Binance Websocket.
[2026-07-24 23:13:39] [INFO] Subscribed to BTCUSDT trades
[2026-07-24 23:13:39] [INFO] Subcribed to Binance Websocket.
[2026-07-24 23:15:12] [INFO] Connected to Binance Websocket.
[2026-07-24 23:15:12] [INFO] Subscribed to BTCUSDT trades
[2026-07-24 23:15:12] [INFO] Subcribed to Binance Websocket.
[2026-07-24 23:15:22] [INFO] Received WebSocket Ping.
[2026-07-24 23:34:26] [INFO] Connected to Binance Websocket.
[2026-07-24 23:34:26] [INFO] Requesting subscription to btcusdt@trade
[2026-07-24 23:34:26] [INFO] Requesting subscription to ethusdt@trade
[2026-07-24 23:34:26] [INFO] Requesting subscription to solusdt@trade
[2026-07-24 23:34:26] [INFO] Subscribed to BTCUSDT trades
[2026-07-24 23:34:26] [INFO] Subcribed to Binance Websocket.
[2026-07-24 23:39:40] [INFO] Connected to Binance Websocket.
[2026-07-24 23:39:40] [INFO] Requesting subscription to btcusdt@trade
[2026-07-24 23:39:40] [INFO] Requesting subscription to ethusdt@trade
[2026-07-24 23:39:40] [INFO] Requesting subscription to solusdt@trade
[2026-07-24 23:39:40] [INFO] Requesting subscription to testingrandomusdt@trade
[2026-07-24 23:39:40] [INFO] Subscribed to BTCUSDT trades
[2026-07-24 23:39:40] [INFO] Subcribed to Binance Websocket.
[2026-07-24 23:39:47] [INFO] Received WebSocket Ping.
[2026-07-24 23:41:00] [INFO] Connected to Binance Websocket.
[2026-07-24 23:41:00] [INFO] Requesting subscription to btcusdt@trade
[2026-07-24 23:41:00] [INFO] Requesting subscription to ethusdt@trade
[2026-07-24 23:41:00] [INFO] Requesting subscription to solusdt@trade
[2026-07-24 23:41:00] [INFO] Requesting subscription to testingrandomusdt@trade
[2026-07-24 23:41:00] [INFO] Subscribed to BTCUSDT trades
[2026-07-24 23:41:00] [INFO] Subcribed to Binance Websocket.
[2026-07-25 10:39:34] [INFO] Connected to Binance Websocket.
[2026-07-25 10:39:34] [INFO] Requesting subscription to btcusdt@trade
[2026-07-25 10:39:34] [INFO] Requesting subscription to ethusdt@trade
[2026-07-25 10:39:34] [INFO] Requesting subscription to solusdt@trade
[2026-07-25 10:39:34] [INFO] Requesting subscription to testingrandomusdt@trade
[2026-07-25 10:39:34] [INFO] Subscribed to BTCUSDT trades
[2026-07-25 10:39:34] [INFO] Subcribed to Binance Websocket.
[2026-07-25 10:46:21] [INFO] Connected to Binance Websocket.
[2026-07-25 10:46:21] [INFO] Requesting subscription to btcusdt@trade
[2026-07-25 10:46:21] [INFO] Requesting subscription to ethusdt@trade
[2026-07-25 10:46:21] [INFO] Requesting subscription to solusdt@trade
[2026-07-25 10:46:21] [INFO] Requesting subscription to testingrandomusdt@trade
[2026-07-25 10:46:21] [INFO] Subscribed to BTCUSDT trades
[2026-07-25 10:46:21] [INFO] Subcribed to Binance Websocket.
[2026-07-25 11:12:54] [INFO] Connected to Binance Websocket.
[2026-07-25 11:12:54] [INFO] Requesting subscription to btcusdt@trade
[2026-07-25 11:12:54] [INFO] Requesting subscription to ethusdt@trade
[2026-07-25 11:12:54] [INFO] Requesting subscription to solusdt@trade
[2026-07-25 11:12:54] [INFO] Requesting subscription to testingrandomusdt@trade
[2026-07-25 11:12:54] [INFO] Subscribed to BTCUSDT trades
[2026-07-25 11:12:54] [INFO] Subcribed to Binance Websocket.
[2026-07-25 11:13:02] [INFO] Received WebSocket Ping.
[2026-07-25 11:13:22] [INFO] Received WebSocket Ping.
[2026-07-25 11:16:27] [INFO] Connected to Binance Websocket.
[2026-07-25 11:16:27] [INFO] Requesting subscription to btcusdt@trade
[2026-07-25 11:16:27] [INFO] Requesting subscription to ethusdt@trade
[2026-07-25 11:16:27] [INFO] Requesting subscription to solusdt@trade
[2026-07-25 11:16:27] [INFO] Requesting subscription to testingrandomusdt@trade
[2026-07-25 11:16:27] [INFO] Subscribed to BTCUSDT trades
[2026-07-25 11:16:27] [INFO] Subcribed to Binance Websocket.
[2026-07-25 11:16:38] [INFO] Connected to Binance Websocket.
[2026-07-25 11:16:38] [INFO] Requesting subscription to btcusdt@trade
[2026-07-25 11:16:38] [INFO] Requesting subscription to ethusdt@trade
[2026-07-25 11:16:38] [INFO] Requesting subscription to solusdt@trade
[2026-07-25 11:16:38] [INFO] Requesting subscription to testingrandomusdt@trade
[2026-07-25 11:16:38] [INFO] Subscribed to BTCUSDT trades
[2026-07-25 11:16:38] [INFO] Subcribed to Binance Websocket.
[2026-07-25 11:16:58] [INFO] Received WebSocket Ping.
[2026-07-25 11:17:50] [INFO] Connected to Binance Websocket.
[2026-07-25 11:17:50] [INFO] Requesting subscription to btcusdt@trade
[2026-07-25 11:17:50] [INFO] Requesting subscription to ethusdt@trade
[2026-07-25 11:17:50] [INFO] Requesting subscription to solusdt@trade
[2026-07-25 11:17:50] [INFO] Requesting subscription to testingrandomusdt@trade
[2026-07-25 11:17:50] [INFO] Subscribed to BTCUSDT trades
[2026-07-25 11:17:50] [INFO] Subcribed to Binance Websocket.
[2026-07-25 11:18:07] [INFO] Received WebSocket Ping.
[2026-07-25 11:20:07] [INFO] Connected to Binance Websocket.
[2026-07-25 11:20:07] [INFO] Requesting subscription to btcusdt@trade
[2026-07-25 11:20:07] [INFO] Requesting subscription to ethusdt@trade
[2026-07-25 11:20:07] [INFO] Requesting subscription to solusdt@trade
[2026-07-25 11:20:07] [INFO] Requesting subscription to testingrandomusdt@trade
[2026-07-25 11:20:07] [INFO] Subscribed to BTCUSDT trades
[2026-07-25 11:20:07] [INFO] Subcribed to Binance Websocket.
[2026-07-25 11:20:11] [INFO] Latency Benchmark | Events: 100 Avg: 308.720000 us Min: 111 us Max: 887 us
[2026-07-25 11:43:59] [INFO] Connected to Binance Websocket.
[2026-07-25 11:43:59] [INFO] Requesting subscription to btcusdt@trade
[2026-07-25 11:43:59] [INFO] Requesting subscription to ethusdt@trade
[2026-07-25 11:43:59] [INFO] Requesting subscription to solusdt@trade
[2026-07-25 11:43:59] [INFO] Requesting subscription to testingrandomusdt@trade
[2026-07-25 11:43:59] [INFO] Subscribed to BTCUSDT trades
[2026-07-25 11:43:59] [INFO] Subcribed to Binance Websocket.
[2026-07-25 11:44:40] [INFO] Connected to Binance Websocket.
[2026-07-25 11:44:40] [INFO] Requesting subscription to btcusdt@trade
[2026-07-25 11:44:40] [INFO] Requesting subscription to ethusdt@trade
[2026-07-25 11:44:40] [INFO] Requesting subscription to solusdt@trade
[2026-07-25 11:44:40] [INFO] Requesting subscription to testingrandomusdt@trade
[2026-07-25 11:44:40] [INFO] Subscribed to BTCUSDT trades
[2026-07-25 11:44:40] [INFO] Subcribed to Binance Websocket.
[2026-07-25 11:44:52] [INFO] Connected to Binance Websocket.
[2026-07-25 11:44:52] [INFO] Requesting subscription to btcusdt@trade
[2026-07-25 11:44:52] [INFO] Requesting subscription to ethusdt@trade
[2026-07-25 11:44:52] [INFO] Requesting subscription to solusdt@trade
[2026-07-25 11:44:52] [INFO] Requesting subscription to testingrandomusdt@trade
[2026-07-25 11:44:52] [INFO] Subscribed to BTCUSDT trades
[2026-07-25 11:44:52] [INFO] Subcribed to Binance Websocket.
[2026-07-25 11:45:18] [INFO] Received WebSocket Ping.
[2026-07-25 11:46:41] [INFO] Connected to Binance Websocket.
[2026-07-25 11:46:41] [INFO] Requesting subscription to btcusdt@trade
[2026-07-25 11:46:41] [INFO] Requesting subscription to ethusdt@trade
[2026-07-25 11:46:41] [INFO] Requesting subscription to solusdt@trade
[2026-07-25 11:46:41] [INFO] Requesting subscription to testingrandomusdt@trade
[2026-07-25 11:46:41] [INFO] Subscribed to BTCUSDT trades
[2026-07-25 11:46:41] [INFO] Subcribed to Binance Websocket.
[2026-07-25 11:46:56] [INFO] Connected to Binance Websocket.
[2026-07-25 11:46:56] [INFO] Requesting subscription to btcusdt@trade
[2026-07-25 11:46:56] [INFO] Requesting subscription to ethusdt@trade
[2026-07-25 11:46:56] [INFO] Requesting subscription to solusdt@trade
[2026-07-25 11:46:56] [INFO] Requesting subscription to testingrandomusdt@trade
[2026-07-25 11:46:56] [INFO] Subscribed to BTCUSDT trades
[2026-07-25 11:46:56] [INFO] Subcribed to Binance Websocket.
[2026-07-25 11:47:09] [INFO] Received WebSocket Ping.
[2026-07-25 19:04:32] [INFO] Connected to Binance Websocket.
[2026-07-25 19:04:32] [INFO] Requesting subscription to btcusdt@trade
[2026-07-25 19:04:32] [INFO] Subscribed to BTCUSDT trades
[2026-07-25 19:04:32] [INFO] Subcribed to Binance Websocket.
[2026-07-25 19:04:50] [INFO] Received WebSocket Ping.
[2026-07-25 19:05:10] [INFO] Received WebSocket Ping.
[2026-07-25 19:05:30] [INFO] Received WebSocket Ping.
[2026-07-25 19:05:31] [ERROR] WebSocket error: stream truncated [asio.ssl.stream:1]
